"","x","y","label","colour"
"1","RUTA1","RUTA2","label","classification"
